2026-06-08T11:15:57.326Z\nApiError: {"error":{"code":503,"message":"This model is currently experiencing high demand. Spikes in demand are usually temporary. Please try again later.","status":"UNAVAILABLE"}}
    at throwErrorIfNotOK (webpack-internal:///(rsc)/./node_modules/@google/genai/dist/node/index.mjs:13815:30)
    at process.processTicksAndRejections (node:internal/process/task_queues:105:5)
    at async eval (webpack-internal:///(rsc)/./node_modules/@google/genai/dist/node/index.mjs:13515:13)
    at async Models.generateContent (webpack-internal:///(rsc)/./node_modules/@google/genai/dist/node/index.mjs:14923:24)
    at async POST (webpack-internal:///(rsc)/./app/api/jarvis/route.ts:103:26)
    at async C:\Users\Tanmay\OneDrive\Desktop\GradeFlow\gradeflow\node_modules\next\dist\compiled\next-server\app-route.runtime.dev.js:6:57228
    at async eT.execute (C:\Users\Tanmay\OneDrive\Desktop\GradeFlow\gradeflow\node_modules\next\dist\compiled\next-server\app-route.runtime.dev.js:6:46851)
    at async eT.handle (C:\Users\Tanmay\OneDrive\Desktop\GradeFlow\gradeflow\node_modules\next\dist\compiled\next-server\app-route.runtime.dev.js:6:58760)
    at async doRender (C:\Users\Tanmay\OneDrive\Desktop\GradeFlow\gradeflow\node_modules\next\dist\server\base-server.js:1366:42)
    at async cacheEntry.responseCache.get.routeKind (C:\Users\Tanmay\OneDrive\Desktop\GradeFlow\gradeflow\node_modules\next\dist\server\base-server.js:1588:28)
    at async DevServer.renderToResponseWithComponentsImpl (C:\Users\Tanmay\OneDrive\Desktop\GradeFlow\gradeflow\node_modules\next\dist\server\base-server.js:1496:28)
    at async DevServer.renderPageComponent (C:\Users\Tanmay\OneDrive\Desktop\GradeFlow\gradeflow\node_modules\next\dist\server\base-server.js:1924:24)
    at async DevServer.renderToResponseImpl (C:\Users\Tanmay\OneDrive\Desktop\GradeFlow\gradeflow\node_modules\next\dist\server\base-server.js:1962:32)
    at async DevServer.pipeImpl (C:\Users\Tanmay\OneDrive\Desktop\GradeFlow\gradeflow\node_modules\next\dist\server\base-server.js:922:25)
    at async NextNodeServer.handleCatchallRenderRequest (C:\Users\Tanmay\OneDrive\Desktop\GradeFlow\gradeflow\node_modules\next\dist\server\next-server.js:272:17)
    at async DevServer.handleRequestImpl (C:\Users\Tanmay\OneDrive\Desktop\GradeFlow\gradeflow\node_modules\next\dist\server\base-server.js:818:17)
    at async C:\Users\Tanmay\OneDrive\Desktop\GradeFlow\gradeflow\node_modules\next\dist\server\dev\next-dev-server.js:339:20
    at async Span.traceAsyncFn (C:\Users\Tanmay\OneDrive\Desktop\GradeFlow\gradeflow\node_modules\next\dist\trace\trace.js:154:20)
    at async DevServer.handleRequest (C:\Users\Tanmay\OneDrive\Desktop\GradeFlow\gradeflow\node_modules\next\dist\server\dev\next-dev-server.js:336:24)
    at async invokeRender (C:\Users\Tanmay\OneDrive\Desktop\GradeFlow\gradeflow\node_modules\next\dist\server\lib\router-server.js:189:21)
    at async handleRequest (C:\Users\Tanmay\OneDrive\Desktop\GradeFlow\gradeflow\node_modules\next\dist\server\lib\router-server.js:369:24)
    at async requestHandlerImpl (C:\Users\Tanmay\OneDrive\Desktop\GradeFlow\gradeflow\node_modules\next\dist\server\lib\router-server.js:393:13)
    at async Server.requestListener (C:\Users\Tanmay\OneDrive\Desktop\GradeFlow\gradeflow\node_modules\next\dist\server\lib\start-server.js:141:13)\n\n